// Jest Snapshot v1, https://goo.gl/fbAQLP

exports[`TaskList should render to a snapshot 1`] = `
<body>
  <div>
    <div
      class="root"
    >
      <input
        class="input"
        placeholder="Add a task"
        type="text"
        value=""
      />
    </div>
    <div
      class="root"
    >
      <div
        class="root"
        data-testid="pager"
      >
        <button
          aria-label="Previous page"
          class="button button-prev"
          disabled=""
          type="button"
        />
        <span
          class="page"
          data-testid="pager-pages"
        >
          1
           /
          2
        </span>
        <button
          aria-label="Next page"
          class="button last button-next"
          type="button"
        />
      </div>
      <div
        class="root"
        data-testid="segmented-control-4"
      >
        <div
          class="label-cont"
        >
          <input
            checked=""
            class="input"
            data-testid="segmented-control-input-4-0"
            id="id-all-4"
            name="segmented-control-4"
            type="radio"
            value="all"
          />
          <label
            class="label"
            data-testid="segmented-control-label-4-0"
            for="id-all-4"
          >
            ALL
          </label>
          <input
            class="input"
            data-testid="segmented-control-input-4-1"
            id="id-active-4"
            name="segmented-control-4"
            type="radio"
            value="active"
          />
          <label
            class="label"
            data-testid="segmented-control-label-4-1"
            for="id-active-4"
          >
            Connected
          </label>
          <input
            class="input"
            data-testid="segmented-control-input-4-2"
            id="id-completed-4"
            name="segmented-control-4"
            type="radio"
            value="completed"
          />
          <label
            class="label label-last"
            data-testid="segmented-control-label-4-2"
            for="id-completed-4"
          >
            Completed
          </label>
        </div>
      </div>
    </div>
    <ul
      class="root"
    >
      <li
        class="root"
      >
        <span
          class="textContainer"
        >
          <s />
          <span>
            Sensor 0
          </span>
        </span>
        <input
          class="checkbox"
          id="task-input-0"
          type="checkbox"
        />
        <label
          class="label"
          for="task-input-0"
        >
          <div
            class="indicator"
          />
        </label>
      </li>
      <li
        class="root"
      >
        <span
          class="textContainer"
        >
          <s />
          <span>
            Sensor 1
          </span>
        </span>
        <input
          class="checkbox"
          id="task-input-1"
          type="checkbox"
        />
        <label
          class="label"
          for="task-input-1"
        >
          <div
            class="indicator"
          />
        </label>
      </li>
      <li
        class="root"
      >
        <span
          class="textContainer"
        >
          <s />
          <span>
            Sensor 2
          </span>
        </span>
        <input
          class="checkbox"
          id="task-input-2"
          type="checkbox"
        />
        <label
          class="label"
          for="task-input-2"
        >
          <div
            class="indicator"
          />
        </label>
      </li>
      <li
        class="root"
      >
        <span
          class="textContainer"
        >
          <s />
          <span>
            Sensor 3
          </span>
        </span>
        <input
          class="checkbox"
          id="task-input-3"
          type="checkbox"
        />
        <label
          class="label"
          for="task-input-3"
        >
          <div
            class="indicator"
          />
        </label>
      </li>
      <li
        class="root"
      >
        <span
          class="textContainer"
        >
          <s />
          <span>
            Sensor 4
          </span>
        </span>
        <input
          class="checkbox"
          id="task-input-4"
          type="checkbox"
        />
        <label
          class="label"
          for="task-input-4"
        >
          <div
            class="indicator"
          />
        </label>
      </li>
      <li
        class="root"
      >
        <span
          class="textContainer"
        >
          <s />
          <span>
            Sensor 5
          </span>
        </span>
        <input
          class="checkbox"
          id="task-input-5"
          type="checkbox"
        />
        <label
          class="label"
          for="task-input-5"
        >
          <div
            class="indicator"
          />
        </label>
      </li>
      <li
        class="root"
      >
        <span
          class="textContainer"
        >
          <s />
          <span>
            Sensor 6
          </span>
        </span>
        <input
          class="checkbox"
          id="task-input-6"
          type="checkbox"
        />
        <label
          class="label"
          for="task-input-6"
        >
          <div
            class="indicator"
          />
        </label>
      </li>
      <li
        class="root"
      >
        <span
          class="textContainer"
        >
          <s />
          <span>
            Sensor 7
          </span>
        </span>
        <input
          class="checkbox"
          id="task-input-7"
          type="checkbox"
        />
        <label
          class="label"
          for="task-input-7"
        >
          <div
            class="indicator"
          />
        </label>
      </li>
      <li
        class="root"
      >
        <span
          class="textContainer"
        >
          <s />
          <span>
            Sensor 8
          </span>
        </span>
        <input
          class="checkbox"
          id="task-input-8"
          type="checkbox"
        />
        <label
          class="label"
          for="task-input-8"
        >
          <div
            class="indicator"
          />
        </label>
      </li>
      <li
        class="root"
      >
        <span
          class="textContainer"
        >
          <s />
          <span>
            Sensor 9
          </span>
        </span>
        <input
          class="checkbox"
          id="task-input-9"
          type="checkbox"
        />
        <label
          class="label"
          for="task-input-9"
        >
          <div
            class="indicator"
          />
        </label>
      </li>
    </ul>
  </div>
</body>
`;
